2023-12-04 17:47:52,183 - INFO - 這是一條信息
2023-12-04 17:47:52,184 - WARNING - 這是一條警告
2023-12-04 17:47:52,184 - ERROR - 這是一條錯誤
2023-12-04 17:48:57,593 - INFO - 這是一條信息
2023-12-04 17:48:57,594 - WARNING - 這是一條警告
2023-12-04 17:48:57,594 - ERROR - 這是一條錯誤
2023-12-04 17:55:00,744 - INFO - 這是一條信息
2023-12-04 17:55:00,843 - INFO - 這是一條信息
2023-12-04 17:55:00,893 - INFO - 這是一條信息
2023-12-04 17:55:00,936 - INFO - 這是一條信息
2023-12-04 17:55:01,012 - INFO - 這是一條信息
2023-12-04 17:55:01,084 - INFO - 這是一條信息
2023-12-04 17:55:01,138 - INFO - 這是一條信息
2023-12-04 17:55:01,185 - INFO - 這是一條信息
2023-12-04 17:55:01,242 - INFO - 這是一條信息
2023-12-04 17:55:01,337 - INFO - 這是一條信息
2023-12-04 17:55:01,416 - INFO - 這是一條信息
2023-12-04 17:55:01,461 - INFO - 這是一條信息
2023-12-04 17:55:01,531 - INFO - 這是一條信息
2023-12-04 17:55:01,592 - INFO - 這是一條信息
2023-12-04 17:55:01,650 - INFO - 這是一條信息
2023-12-04 17:55:01,708 - INFO - 這是一條信息
2023-12-04 17:55:01,898 - INFO - 這是一條信息
2023-12-04 17:55:01,939 - INFO - 這是一條信息
2023-12-04 17:55:01,999 - INFO - 這是一條信息
2023-12-04 17:55:02,129 - INFO - 這是一條信息
2023-12-04 17:55:10,637 - INFO - 這是一條信息
2023-12-04 17:55:10,698 - INFO - 這是一條信息
2023-12-04 17:55:10,811 - INFO - 這是一條信息
2023-12-04 17:55:10,852 - INFO - 這是一條信息
2023-12-04 17:55:10,921 - INFO - 這是一條信息
2023-12-04 17:55:10,964 - INFO - 這是一條信息
2023-12-04 17:55:11,013 - INFO - 這是一條信息
2023-12-04 17:55:11,057 - INFO - 這是一條信息
2023-12-04 17:55:11,107 - INFO - 這是一條信息
2023-12-04 17:55:11,156 - INFO - 這是一條信息
2023-12-04 17:55:11,200 - INFO - 這是一條信息
2023-12-04 17:55:11,243 - INFO - 這是一條信息
2023-12-04 17:55:11,289 - INFO - 這是一條信息
2023-12-04 17:55:11,332 - INFO - 這是一條信息
2023-12-04 17:55:11,374 - INFO - 這是一條信息
2023-12-04 17:55:11,419 - INFO - 這是一條信息
2023-12-04 17:55:11,472 - INFO - 這是一條信息
2023-12-04 17:55:11,522 - INFO - 這是一條信息
2023-12-04 17:55:11,573 - INFO - 這是一條信息
2023-12-04 17:55:11,628 - INFO - 這是一條信息
2023-12-04 17:55:20,177 - INFO - 這是一條信息
2023-12-04 17:55:20,238 - INFO - 這是一條信息
2023-12-04 17:55:20,281 - INFO - 這是一條信息
2023-12-04 17:55:20,325 - INFO - 這是一條信息
2023-12-04 17:55:20,370 - INFO - 這是一條信息
2023-12-04 17:55:20,410 - INFO - 這是一條信息
2023-12-04 17:55:20,451 - INFO - 這是一條信息
2023-12-04 17:55:20,498 - INFO - 這是一條信息
2023-12-04 17:55:20,548 - INFO - 這是一條信息
2023-12-04 17:55:20,596 - INFO - 這是一條信息
2023-12-04 17:55:20,636 - INFO - 這是一條信息
2023-12-04 17:55:20,701 - INFO - 這是一條信息
2023-12-04 17:55:20,789 - INFO - 這是一條信息
2023-12-04 17:55:20,836 - INFO - 這是一條信息
2023-12-04 17:55:20,888 - INFO - 這是一條信息
2023-12-04 17:55:32,026 - INFO - 這是一條信息
2023-12-04 17:55:32,027 - WARNING - 這是一條警告
2023-12-04 17:55:32,027 - ERROR - 這是一條錯誤
2023-12-05 11:48:38,458 - INFO - 這是一條信息
2023-12-05 11:48:38,464 - WARNING - 這是一條警告
2023-12-05 11:48:38,464 - ERROR - 這是一條錯誤
2023-12-05 11:49:39,133 - INFO - 這是一條信息
2023-12-05 11:49:39,133 - WARNING - 這是一條警告
2023-12-05 11:49:39,133 - ERROR - 這是一條錯誤
2023-12-05 11:50:32,325 - INFO - 這是一條信息
2023-12-05 11:50:32,326 - WARNING - 這是一條警告
2023-12-05 11:50:32,326 - ERROR - 這是一條錯誤
2023-12-05 14:55:36,291 - INFO - 這是一條信息
2023-12-05 14:55:36,291 - WARNING - 這是一條警告
2023-12-05 14:55:36,291 - ERROR - 這是一條錯誤
2023-12-05 14:59:16,158 - INFO - 這是一條信息
2023-12-05 14:59:16,158 - WARNING - 這是一條警告
2023-12-05 14:59:16,158 - ERROR - 這是一條錯誤
2023-12-05 15:00:23,463 - INFO - 這是一條信息
2023-12-05 15:00:23,463 - WARNING - 這是一條警告
2023-12-05 15:00:23,463 - ERROR - 這是一條錯誤
2023-12-05 15:00:32,163 - INFO - 這是一條信息
2023-12-05 15:00:32,163 - WARNING - 這是一條警告
2023-12-05 15:00:32,163 - ERROR - 這是一條錯誤
2023-12-05 15:02:21,605 - INFO - 這是一條信息
2023-12-05 15:02:21,605 - WARNING - 這是一條警告
2023-12-05 15:02:21,606 - ERROR - 這是一條錯誤
2023-12-05 15:12:35,394 - INFO - 這是一條信息
2023-12-05 15:12:35,396 - WARNING - 這是一條警告
2023-12-05 15:12:35,396 - ERROR - 這是一條錯誤
2023-12-05 15:13:31,924 - INFO - 這是一條信息
2023-12-05 15:13:31,924 - WARNING - 這是一條警告
2023-12-05 15:13:31,924 - ERROR - 這是一條錯誤
2023-12-05 15:28:35,297 - INFO - 這是一條信息
2023-12-05 15:28:35,303 - WARNING - 這是一條警告
2023-12-05 15:28:35,303 - ERROR - 這是一條錯誤
2023-12-05 16:01:27,315 - INFO - 這是一條信息
2023-12-05 16:01:27,329 - WARNING - 這是一條警告
2023-12-05 16:01:27,329 - ERROR - 這是一條錯誤
2023-12-05 16:03:05,765 - INFO - 這是一條信息
2023-12-05 16:03:05,765 - WARNING - 這是一條警告
2023-12-05 16:03:05,765 - ERROR - 這是一條錯誤
